[Licensing::Module] Trying to connect to existing licensing client channel...
Built from '6000.4/staging' branch; Version is '6000.4.1f1 (8535861f39e1) revision 8729990'; Using compiler version '194234433'; Build Type 'Release'
OS: 'Windows 11  (10.0.26200) CoreSingleLanguage' Language: 'es' Physical Memory: 16215 MB
[Licensing::IpcConnector] Successfully connected to: "LicenseClient-NITRO" at "2026-04-03T06:59:37.5245095Z"
BatchMode: 1, IsHumanControllingUs: 0, StartBugReporterOnCrash: 0, Is64bit: 1
System  architecture: x64
Process architecture: x64
Date: 2026-04-03T06:59:37Z

COMMAND LINE ARGUMENTS:
C:\Program Files\Unity\Hub\Editor\6000.4.1f1\Editor\Unity.exe
-adb2
-batchMode
-noUpm
-name
AssetImportWorker1
-projectPath
C:/Users/NITRO/Documents/Projects/Unity/6000.0.36f1/LearningIfElsev1
-logFile
Logs/AssetImportWorker1.log
-srvPort
62453
-licensingIpc
LicenseClient-NITRO
-force-d3d12
-job-worker-count
3
-background-job-worker-count
8
-gc-helper-count
1
-name
AssetImport
Successfully changed project path to: C:/Users/NITRO/Documents/Projects/Unity/6000.0.36f1/LearningIfElsev1
C:/Users/NITRO/Documents/Projects/Unity/6000.0.36f1/LearningIfElsev1
[UnityMemory] Configuration Parameters - Can be set up in boot.config
    "memorysetup-temp-allocator-size-gi-baking-worker=262144"
    "memorysetup-temp-allocator-size-gi-baking-worker=262144"
    "memorysetup-temp-allocator-size-gi-baking-worker=262144"
    "memorysetup-temp-allocator-size-gi-baking-worker=262144"
    "memorysetup-temp-allocator-size-gi-baking-worker=262144"
    "memorysetup-temp-allocator-size-nav-mesh-worker=65536"
    "memorysetup-temp-allocator-size-audio-worker=65536"
    "memorysetup-temp-allocator-size-cloud-worker=32768"
    "memorysetup-temp-allocator-size-gfx=262144"
    "memorysetup-temp-allocator-size-preload-manager=33554432"
    "memorysetup-temp-allocator-size-job-worker=262144"
    "memorysetup-temp-allocator-size-background-worker=32768"
    "memorysetup-allocator-temp-initial-block-size-main=262144"
    "memorysetup-allocator-temp-initial-block-size-worker=262144"
    "memorysetup-bucket-allocator-granularity=16"
    "memorysetup-bucket-allocator-bucket-count=8"
    "memorysetup-bucket-allocator-block-size=33554432"
    "memorysetup-bucket-allocator-block-count=8"
    "memorysetup-main-allocator-block-size=16777216"
    "memorysetup-thread-allocator-block-size=16777216"
    "memorysetup-gfx-main-allocator-block-size=16777216"
    "memorysetup-gfx-thread-allocator-block-size=16777216"
    "memorysetup-cache-allocator-block-size=4194304"
    "memorysetup-typetree-allocator-block-size=2097152"
    "memorysetup-profiler-bucket-allocator-granularity=16"
    "memorysetup-profiler-bucket-allocator-bucket-count=8"
    "memorysetup-profiler-bucket-allocator-block-size=33554432"
    "memorysetup-profiler-bucket-allocator-block-count=8"
    "memorysetup-profiler-allocator-block-size=16777216"
    "memorysetup-profiler-editor-allocator-block-size=1048576"
    "memorysetup-temp-allocator-size-main=16777216"
    "memorysetup-job-temp-allocator-block-size=2097152"
    "memorysetup-job-temp-allocator-block-size-background=1048576"
    "memorysetup-job-temp-allocator-reduction-small-platforms=262144"
Player connection [26648]  Target information:

Player connection [26648]  * "[IP] 192.168.1.38 [Port] 0 [Flags] 2 [Guid] 2196648153 [EditorId] 2196648153 [Version] 1048832 [Id] WindowsEditor(7,DESKTOP-M00R6SG) [Debug] 1 [PackageName] WindowsEditor [ProjectName] Editor" 

Player connection [26648] Host joined multi-casting on [225.0.0.222:54997]...
Player connection [26648] Host joined alternative multi-casting on [225.0.0.222:34997]...
JobSystem: Creating JobQueue using job-worker-count value 3
Input System module state changed to: Initialized.
[Physics::Module] Initialized fallback backend.
[Physics::Module] Id: 0xdecafbad
Library Redirect Path: Library/
[Physics::Module] Selected backend.
[Physics::Module] Name: PhysX
[Physics::Module] Id: 0xf2b8ea05
[Physics::Module] SDK Version: 4.1.2
[Physics::Module] Integration Version: 1.0.0
[Physics::Module] Threading Mode: Multi-Threaded
Refreshing native plugins compatible for Editor in 82.38 ms, found 12 plugins.
Initialize engine version: 6000.4.1f1 (8535861f39e1)
[Subsystems] Discovering subsystems at path C:/Program Files/Unity/Hub/Editor/6000.4.1f1/Editor/Data/Resources/UnitySubsystems
[Subsystems] Discovering subsystems at path C:/Users/NITRO/Documents/Projects/Unity/6000.0.36f1/LearningIfElsev1/Assets
[Subsystems] No descriptors matched for  examples in Assets/MeshingFeaturePlugin/UnitySubsystemsManifest.json.
[Subsystems] No descriptors matched for  inputs in Assets/MeshingFeaturePlugin/UnitySubsystemsManifest.json.
[Subsystems] No descriptors matched for  displays in Assets/MeshingFeaturePlugin/UnitySubsystemsManifest.json.
[Subsystems] 1 'meshings' descriptors matched in Assets/MeshingFeaturePlugin/UnitySubsystemsManifest.json
Forcing GfxDevice: Direct3D 12
GfxDevice: creating device client; kGfxThreadingModeNonThreaded
d3d12: failed to query info queue interface (0x80004002).
Direct3D:
    Version:         Direct3D 12 [level 12.1]
    Renderer:        NVIDIA GeForce GTX 1650 (ID=0x1f99)
    Vendor:          NVIDIA
    VRAM:            3935 MB
    App VRAM Budget: 3344 MB
    Driver:          32.0.15.9579
Shader 'Oculus/OVRMRCameraFrameLit': fallback shader 'Alpha-Diffuse' not found
Initialize mono
Mono path[0] = 'C:/Program Files/Unity/Hub/Editor/6000.4.1f1/Editor/Data/Managed'
Mono path[1] = 'C:/Program Files/Unity/Hub/Editor/6000.4.1f1/Editor/Data/MonoBleedingEdge/lib/mono/unityjit-win32'
Mono config path = 'C:/Program Files/Unity/Hub/Editor/6000.4.1f1/Editor/Data/MonoBleedingEdge/etc'
Using monoOptions --debugger-agent=transport=dt_socket,embedding=1,server=y,suspend=n,address=127.0.0.1:56676
CodeReloadManager initialized
Begin MonoManager ReloadAssembly
[Licensing::Client] Error: HandshakeResponse reported an error:
	ResponseCode: 505
	ResponseStatus: Unsupported protocol version '1.18.1'.
[Licensing::Module] Error: Failed to handshake to channel: "LicenseClient-NITRO"
[Licensing::IpcConnector] LicenseClient-NITRO channel disconnected successfully.
[Licensing::IpcConnector] Successfully connected to: "LicenseClient-NITRO-6000.4.1" at "2026-04-03T06:59:39.8866115Z"
Registering precompiled unity dll's ...
Register platform support module: C:/Program Files/Unity/Hub/Editor/6000.4.1f1/Editor/Data/PlaybackEngines/WebGLSupport/UnityEditor.WebGL.Extensions.dll
Register platform support module: C:/Program Files/Unity/Hub/Editor/6000.4.1f1/Editor/Data/PlaybackEngines/WindowsStandaloneSupport/UnityEditor.WindowsStandalone.Extensions.dll
[Licensing::Module] Licensing is not yet initialized.
[Licensing::Client] Handshaking with LicensingClient:
  Version:                 1.18.1+9fbee8e
  Session Id:              90e20eb4b3034f7b828fe7f4c4660b78
  Correlation Id:          c664f366ec837dda04936765879a57af
  External correlation Id: 5520378301917463295
  Machine Id:              jvUaZJMetfkWVdbd/n1gm5paVus=
[Licensing::Module] Successfully connected to LicensingClient on channel: "LicenseClient-NITRO-6000.4.1" (connect: 0.00s, validation: 0.00s, handshake: 1.84s)
[Licensing::IpcConnector] Successfully connected to: "LicenseClient-NITRO-6000.4.1-notifications" at "2026-04-03T06:59:41.7288591Z"
[Licensing::Module] Licensing Background thread has ended after 4.21s
[Licensing::Module] Licensing is initialized (took 1.72s).
[Licensing::Client] Successfully resolved entitlement details
[Licensing::Module] License group:
  Id: 4674081211590-UnityPersXXXX
  Product: Unity Personal
  Type: Assigned
  Expiration: Unlimited
Register platform support module: C:/Program Files/Unity/Hub/Editor/6000.4.1f1/Editor/Data/PlaybackEngines/AndroidPlayer/UnityEditor.Android.Extensions.dll
Registered in 1.727402 seconds.
Native extension for Android target not found
Native extension for WindowsStandalone target not found
Native extension for WebGL target not found
Package Manager log level set to [2]
[Package Manager] Failed to launch server process. Reason: Unity was launched with the -noUpm command-line argument
[Package Manager] Unable to send message (not connected to server process).
[Package Manager] Cannot connect to Unity Package Manager local server
ScheduleIndexationOnStartup MainProcess:False IndexOnStartup:True
Mono: successfully reloaded assembly
- Finished resetting the current domain, in  0.723 seconds
Domain Reload Profiling: 3289ms
	BeginReloadAssembly (238ms)
	RebuildCommonClasses (85ms)
	RebuildNativeTypeToScriptingClass (29ms)
	initialDomainReloadingComplete (1837ms)
	LoadAllAssembliesAndSetupDomain (375ms)
		LoadAssemblies (235ms)
		AnalyzeDomain (361ms)
			TypeCache.Refresh (358ms)
				TypeCache.ScanAssembly (335ms)
	FinalizeReload (725ms)
		SetupLoadedEditorAssemblies (0ms)
			InitializePlatformSupportModulesInManaged (87ms)
			BeforeProcessingInitializeOnLoad (155ms)
			ProcessInitializeOnLoadAttributes (186ms)
			ProcessInitializeOnLoadMethodAttributes (141ms)
========================================================================
Worker process is ready to serve import requests
Import Worker Mode flag is 0x00
Begin MonoManager ReloadAssembly
[Licensing::Client] Successfully resolved entitlement details
Assembly Assembly-CSharp-Editor-firstpass.dll at Library/ScriptAssemblies/Assembly-CSharp-Editor-firstpass.dll not valid. Loading of assembly skipped.
Assembly Assembly-CSharp-firstpass.dll at Library/ScriptAssemblies/Assembly-CSharp-firstpass.dll not valid. Loading of assembly skipped.
Assembly DocCodeExamples.dll at Library/ScriptAssemblies/DocCodeExamples.dll not valid. Loading of assembly skipped.
Assembly Meta.XR.MultiplayerBlocks.Fusion.dll at Library/ScriptAssemblies/Meta.XR.MultiplayerBlocks.Fusion.dll not valid. Loading of assembly skipped.
Assembly Meta.XR.MultiplayerBlocks.NGO.dll at Library/ScriptAssemblies/Meta.XR.MultiplayerBlocks.NGO.dll not valid. Loading of assembly skipped.
Assembly TestNewCustomAssembly.dll at Library/ScriptAssemblies/TestNewCustomAssembly.dll not valid. Loading of assembly skipped.
Assembly Unity.Collections.BurstCompatibilityGen.dll at Library/ScriptAssemblies/Unity.Collections.BurstCompatibilityGen.dll not valid. Loading of assembly skipped.
Assembly Unity.Collections.DocCodeSamples.dll at Library/ScriptAssemblies/Unity.Collections.DocCodeSamples.dll not valid. Loading of assembly skipped.
Assembly Unity.Collections.PerformanceTests.dll at Library/ScriptAssemblies/Unity.Collections.PerformanceTests.dll not valid. Loading of assembly skipped.
Assembly Unity.Collections.Tests.dll at Library/ScriptAssemblies/Unity.Collections.Tests.dll not valid. Loading of assembly skipped.
Assembly Unity.Collections.Tests.Playmode.dll at Library/ScriptAssemblies/Unity.Collections.Tests.Playmode.dll not valid. Loading of assembly skipped.
Assembly Unity.InputSystem.IntegrationTests.dll at Library/ScriptAssemblies/Unity.InputSystem.IntegrationTests.dll not valid. Loading of assembly skipped.
Assembly Unity.Mathematics.Tests.dll at Library/ScriptAssemblies/Unity.Mathematics.Tests.dll not valid. Loading of assembly skipped.
Assembly Unity.Multiplayer.Center.Editor.Tests.dll at Library/ScriptAssemblies/Unity.Multiplayer.Center.Editor.Tests.dll not valid. Loading of assembly skipped.
Assembly Unity.Multiplayer.Center.Tests.dll at Library/ScriptAssemblies/Unity.Multiplayer.Center.Tests.dll not valid. Loading of assembly skipped.
Assembly Unity.Nuget.Mono-Cecil.dll at Library/ScriptAssemblies/Unity.Nuget.Mono-Cecil.dll not valid. Loading of assembly skipped.
Assembly Unity.PathTracing.Editor.Tests.dll at Library/ScriptAssemblies/Unity.PathTracing.Editor.Tests.dll not valid. Loading of assembly skipped.
Assembly Unity.PathTracing.Runtime.Tests.dll at Library/ScriptAssemblies/Unity.PathTracing.Runtime.Tests.dll not valid. Loading of assembly skipped.
Assembly Unity.RenderPipelines.Core.Editor.Tests.dll at Library/ScriptAssemblies/Unity.RenderPipelines.Core.Editor.Tests.dll not valid. Loading of assembly skipped.
Assembly Unity.RenderPipelines.Core.Runtime.Tests.dll at Library/ScriptAssemblies/Unity.RenderPipelines.Core.Runtime.Tests.dll not valid. Loading of assembly skipped.
Assembly Unity.RenderPipelines.Universal.Config.Editor.Tests.dll at Library/ScriptAssemblies/Unity.RenderPipelines.Universal.Config.Editor.Tests.dll not valid. Loading of assembly skipped.
Assembly Unity.RenderPipelines.Universal.Editor.Tests.dll at Library/ScriptAssemblies/Unity.RenderPipelines.Universal.Editor.Tests.dll not valid. Loading of assembly skipped.
Assembly Unity.RenderPipelines.Universal.Runtime.Tests.dll at Library/ScriptAssemblies/Unity.RenderPipelines.Universal.Runtime.Tests.dll not valid. Loading of assembly skipped.
Assembly Unity.Searcher.EditorTests.dll at Library/ScriptAssemblies/Unity.Searcher.EditorTests.dll not valid. Loading of assembly skipped.
Assembly Unity.ShaderGraph.Editor.Tests.dll at Library/ScriptAssemblies/Unity.ShaderGraph.Editor.Tests.dll not valid. Loading of assembly skipped.
Assembly Unity.TextMeshPro.Editor.Tests.dll at Library/ScriptAssemblies/Unity.TextMeshPro.Editor.Tests.dll not valid. Loading of assembly skipped.
Assembly Unity.TextMeshPro.Tests.dll at Library/ScriptAssemblies/Unity.TextMeshPro.Tests.dll not valid. Loading of assembly skipped.
Assembly Unity.UnifiedRayTracing.Editor.Tests.dll at Library/ScriptAssemblies/Unity.UnifiedRayTracing.Editor.Tests.dll not valid. Loading of assembly skipped.
Assembly Unity.XR.CoreUtils.CodeSamples.Tests.dll at Library/ScriptAssemblies/Unity.XR.CoreUtils.CodeSamples.Tests.dll not valid. Loading of assembly skipped.
Assembly Unity.XR.CoreUtils.Editor.Tests.dll at Library/ScriptAssemblies/Unity.XR.CoreUtils.Editor.Tests.dll not valid. Loading of assembly skipped.
Assembly Unity.XR.CoreUtils.Tests.dll at Library/ScriptAssemblies/Unity.XR.CoreUtils.Tests.dll not valid. Loading of assembly skipped.
Assembly Unity.XR.Hands.Editor.Tests.dll at Library/ScriptAssemblies/Unity.XR.Hands.Editor.Tests.dll not valid. Loading of assembly skipped.
Assembly Unity.XR.Hands.Tests.dll at Library/ScriptAssemblies/Unity.XR.Hands.Tests.dll not valid. Loading of assembly skipped.
Assembly Unity.XR.Interaction.Toolkit.Editor.Tests.dll at Library/ScriptAssemblies/Unity.XR.Interaction.Toolkit.Editor.Tests.dll not valid. Loading of assembly skipped.
Assembly Unity.XR.Interaction.Toolkit.Tests.dll at Library/ScriptAssemblies/Unity.XR.Interaction.Toolkit.Tests.dll not valid. Loading of assembly skipped.
Assembly Unity.XR.Management.EditorTests.dll at Library/ScriptAssemblies/Unity.XR.Management.EditorTests.dll not valid. Loading of assembly skipped.
Assembly Unity.XR.Management.TestPackage.dll at Library/ScriptAssemblies/Unity.XR.Management.TestPackage.dll not valid. Loading of assembly skipped.
Assembly Unity.XR.Management.TestPackage.Editor.dll at Library/ScriptAssemblies/Unity.XR.Management.TestPackage.Editor.dll not valid. Loading of assembly skipped.
Assembly Unity.XR.Management.Tests.dll at Library/ScriptAssemblies/Unity.XR.Management.Tests.dll not valid. Loading of assembly skipped.
Assembly Unity.XR.Management.Tests.Standalone.dll at Library/ScriptAssemblies/Unity.XR.Management.Tests.Standalone.dll not valid. Loading of assembly skipped.
Assembly Unity.XR.OpenXR.Editor.Tests.dll at Library/ScriptAssemblies/Unity.XR.OpenXR.Editor.Tests.dll not valid. Loading of assembly skipped.
Assembly Unity.XR.OpenXR.Tests.dll at Library/ScriptAssemblies/Unity.XR.OpenXR.Tests.dll not valid. Loading of assembly skipped.
Assembly Unity.XR.OpenXR.Ubuntu.Tests.dll at Library/ScriptAssemblies/Unity.XR.OpenXR.Ubuntu.Tests.dll not valid. Loading of assembly skipped.
Assembly Unity.XR.TestSupport.dll at Library/ScriptAssemblies/Unity.XR.TestSupport.dll not valid. Loading of assembly skipped.
Assembly UnityEditor.UI.Common.Tests.dll at Library/ScriptAssemblies/UnityEditor.UI.Common.Tests.dll not valid. Loading of assembly skipped.
Assembly UnityEditor.UI.EditorTests.dll at Library/ScriptAssemblies/UnityEditor.UI.EditorTests.dll not valid. Loading of assembly skipped.
Assembly UnityEditor.XR.LegacyInputHelpers.Tests.dll at Library/ScriptAssemblies/UnityEditor.XR.LegacyInputHelpers.Tests.dll not valid. Loading of assembly skipped.
Assembly UnityEngine.SpatialTracking.Tests.dll at Library/ScriptAssemblies/UnityEngine.SpatialTracking.Tests.dll not valid. Loading of assembly skipped.
Assembly UnityEngine.UI.Tests.dll at Library/ScriptAssemblies/UnityEngine.UI.Tests.dll not valid. Loading of assembly skipped.
Assembly UnityEngine.XR.OpenXR.CodeSamples.Editor.Tests.dll at Library/ScriptAssemblies/UnityEngine.XR.OpenXR.CodeSamples.Editor.Tests.dll not valid. Loading of assembly skipped.
Script 'CharacterController' has the same name as built-in Unity component.
AddComponent and GetComponent will not work with this script.
'Packages/com.meta.xr.sdk.core/Editor/BuildingBlocks/BlocksWindow.cs' contains partial class of Unity.Object, exactly 1 of the partial classes needs to be in a file with the same filename. This is to know the one that can be referenced from ie. GameObjects
'Packages/com.meta.xr.sdk.core/Editor/BuildingBlocks/BlocksWindowDetailsExtension.cs' contains partial class of Unity.Object, exactly 1 of the partial classes needs to be in a file with the same filename. This is to know the one that can be referenced from ie. GameObjects
'Packages/com.meta.xr.sdk.core/Editor/BuildingBlocks/BlocksWindowCollectionsPageExtension.cs' contains partial class of Unity.Object, exactly 1 of the partial classes needs to be in a file with the same filename. This is to know the one that can be referenced from ie. GameObjects
Refreshing native plugins compatible for Editor in 15.94 ms, found 12 plugins.
Native extension for Android target not found
Native extension for WindowsStandalone target not found
Native extension for WebGL target not found
[Package Manager] Failed to launch server process. Reason: Unity was launched with the -noUpm command-line argument
[Package Manager] Unable to send message (not connected to server process).
[Package Manager] Cannot connect to Unity Package Manager local server
Refreshing native plugins compatible for Editor in 13.80 ms, found 12 plugins.
[Package Manager] Failed to launch server process. Reason: Unity was launched with the -noUpm command-line argument
[Package Manager] Unable to send message (not connected to server process).
[Package Manager] Cannot connect to Unity Package Manager local server
[Package Manager] Failed to launch server process. Reason: Unity was launched with the -noUpm command-line argument
[Package Manager] Unable to send message (not connected to server process).
[Package Manager] Cannot connect to Unity Package Manager local server
[Package Manager] Failed to launch server process. Reason: Unity was launched with the -noUpm command-line argument
[Package Manager] Unable to send message (not connected to server process).
[Package Manager] Cannot connect to Unity Package Manager local server
ScheduleIndexationOnStartup MainProcess:False IndexOnStartup:True
Mono: successfully reloaded assembly
[Package Manager] Failed to launch server process. Reason: Unity was launched with the -noUpm command-line argument
[Package Manager] Unable to send message (not connected to server process).
[Package Manager] Cannot connect to Unity Package Manager local server
[Package Manager] Failed to launch server process. Reason: Unity was launched with the -noUpm command-line argument
[Package Manager] Unable to send message (not connected to server process).
[Package Manager] Cannot connect to Unity Package Manager local server
- Finished resetting the current domain, in  1.924 seconds
Domain Reload Profiling: 3938ms
	BeginReloadAssembly (303ms)
		DisableScriptedObjects (8ms)
		CreateAndSetChildDomain (45ms)
	RebuildCommonClasses (62ms)
	RebuildNativeTypeToScriptingClass (21ms)
	initialDomainReloadingComplete (236ms)
	LoadAllAssembliesAndSetupDomain (1390ms)
		LoadAssemblies (888ms)
		AnalyzeDomain (674ms)
			TypeCache.Refresh (414ms)
				TypeCache.ScanAssembly (380ms)
			BuildScriptInfoCaches (219ms)
			ResolveRequiredComponents (37ms)
	FinalizeReload (1925ms)
		SetupLoadedEditorAssemblies (0ms)
			InitializePlatformSupportModulesInManaged (12ms)
			BeforeProcessingInitializeOnLoad (288ms)
			ProcessInitializeOnLoadAttributes (887ms)
			ProcessInitializeOnLoadMethodAttributes (273ms)
			AfterProcessingInitializeOnLoad (8ms)
		AwakeInstancesAfterBackupRestoration (11ms)
Shader 'Oculus/OVRMRCameraFrameLit': fallback shader 'Alpha-Diffuse' not found
Launched and connected shader compiler UnityShaderCompiler.exe after 0.03 seconds
Refreshing native plugins compatible for Editor in 16.57 ms, found 12 plugins.
Unloading 26 Unused Serialized files (Serialized files now loaded: 0)
Unloading 9108 unused Assets / (7.0 MB). Loaded Objects now: 10055.
Memory consumption went from 183.5 MB to 176.5 MB.
Total: 21.945000 ms (FindLiveObjects: 1.894800 ms CreateObjectMapping: 2.425300 ms MarkObjects: 11.691400 ms  DeleteObjects: 5.930100 ms)

========================================================================
Received Import Request.
  Time since last request: 1686961.566466 seconds.
  path: Assets/_Core/Content/Level03_Nested/BlockSpawner_Nested.cs
  importAddress: Guid(6b5925ccff378824ba61d5a041eed2b7) Importer(2089858483,b0f066a214c2f5e87bad3c948f4d605d)
Start importing Assets/_Core/Content/Level03_Nested/BlockSpawner_Nested.cs using Guid(6b5925ccff378824ba61d5a041eed2b7) Importer(2089858483,b0f066a214c2f5e87bad3c948f4d605d) (ScriptedImporter) -> (Import Result ID: '17673482c8d2ccbbd046a9f58e694efd') in 0.1101756 seconds [static and dynamic dependencies]. Details - ImportResultOutputID=8d7f88622dc903ee503256a74b5181e5 DependenciesID=70c6ff45d5816057e922ca5b94a4c6b1 StaticDependenciesID=9037fa2c97739f17dfb1297d8b2cce92 
Number of updated asset objects reloaded before import = 0Number of asset objects unloaded after import = 0

========================================================================
Received Import Request.
  Time since last request: 0.000025 seconds.
  path: Assets/_Core/Cloud
  importAddress: Guid(102dcf371d11ae54fb76f87553cf4202) Importer(2089858483,b0f066a214c2f5e87bad3c948f4d605d)
Start importing Assets/_Core/Cloud using Guid(102dcf371d11ae54fb76f87553cf4202) Importer(2089858483,b0f066a214c2f5e87bad3c948f4d605d) (ScriptedImporter) -> (Import Result ID: '154d870ff45c4184470e535edd4fd0d9') in 0.0071664 seconds [static and dynamic dependencies]. Details - ImportResultOutputID=9d84eb414c47738549e41a18b6d30efb DependenciesID=c9ce9cd482a77e700132c03a3ffb6dc7 StaticDependenciesID=038fef63b8ccb314a2c2ce7a6b529a04 
Number of updated asset objects reloaded before import = 0Number of asset objects unloaded after import = 1

========================================================================
Received Import Request.
  Time since last request: 0.000032 seconds.
  path: Assets/_Core/Shared/CommonLogic
  importAddress: Guid(6bf7ce303f447ba4689d97afa4437a62) Importer(2089858483,b0f066a214c2f5e87bad3c948f4d605d)
Start importing Assets/_Core/Shared/CommonLogic using Guid(6bf7ce303f447ba4689d97afa4437a62) Importer(2089858483,b0f066a214c2f5e87bad3c948f4d605d) (ScriptedImporter) -> (Import Result ID: 'ce88e9518afc20cd5618e1848e80982d') in 0.006301 seconds [static and dynamic dependencies]. Details - ImportResultOutputID=b45b59cdefee4775834db4384c6f515d DependenciesID=67576d5894ee94d740f914d9516b6186 StaticDependenciesID=ab5e5121c6aa85eaacf7be52e80a29ba 
Number of updated asset objects reloaded before import = 0Number of asset objects unloaded after import = 1

========================================================================
Received Import Request.
  Time since last request: 0.000016 seconds.
  path: Assets/_Core/Shared
  importAddress: Guid(4aea91e5ae620404fae00f175d44b15c) Importer(2089858483,b0f066a214c2f5e87bad3c948f4d605d)
Start importing Assets/_Core/Shared using Guid(4aea91e5ae620404fae00f175d44b15c) Importer(2089858483,b0f066a214c2f5e87bad3c948f4d605d) (ScriptedImporter) -> (Import Result ID: 'f228f5b6c5caff3323270c96ffea9160') in 0.0048643 seconds [static and dynamic dependencies]. Details - ImportResultOutputID=de6d0d41e51312737f04a64d0efa8c80 DependenciesID=edd2fa65d8d960753588b712d937c2e6 StaticDependenciesID=af65860436e12fc7033452bd0fcc72e7 
Number of updated asset objects reloaded before import = 0Number of asset objects unloaded after import = 1

========================================================================
Received Import Request.
  Time since last request: 0.000018 seconds.
  path: Assets/_Core/Interface/HUD
  importAddress: Guid(d558a538adf45a94397e3dce1297d196) Importer(2089858483,b0f066a214c2f5e87bad3c948f4d605d)
Start importing Assets/_Core/Interface/HUD using Guid(d558a538adf45a94397e3dce1297d196) Importer(2089858483,b0f066a214c2f5e87bad3c948f4d605d) (ScriptedImporter) -> (Import Result ID: '41c8ccd42341f5ad3ec6999a39e7fca4') in 0.0079861 seconds [static and dynamic dependencies]. Details - ImportResultOutputID=2e0d386e5666a1f4154ba0385d18d20e DependenciesID=e856663b965d120a87c79961b7b6ef37 StaticDependenciesID=3e5a13d2e79eb80726f6dfed7c78d241 
Number of updated asset objects reloaded before import = 0Number of asset objects unloaded after import = 1

========================================================================
Received Import Request.
  Time since last request: 0.000023 seconds.
  path: Assets/_Core/Shared/Audio_Library/Audio/fallSound.mp3
  importAddress: Guid(0d669f3b1af9afc41a5384534d48a938) Importer(2089858483,b0f066a214c2f5e87bad3c948f4d605d)
Start importing Assets/_Core/Shared/Audio_Library/Audio/fallSound.mp3 using Guid(0d669f3b1af9afc41a5384534d48a938) Importer(2089858483,b0f066a214c2f5e87bad3c948f4d605d) (ScriptedImporter) -> (Import Result ID: 'fa1c90b4f0b5c9d73f495139fdde0d44') in 0.0270801 seconds [static and dynamic dependencies]. Details - ImportResultOutputID=fd9863809df6b877cd8d1f5c70eb36d0 DependenciesID=253b07a35b10f89978caa95beb059aab StaticDependenciesID=368ab8f8551e7807ecc5b4c862ca8ecf 
Number of updated asset objects reloaded before import = 0Number of asset objects unloaded after import = 1

========================================================================
Received Import Request.
  Time since last request: 0.000033 seconds.
  path: Assets/_Core/Content
  importAddress: Guid(25dcaa237e27cc34497fcfbe5c10194d) Importer(2089858483,b0f066a214c2f5e87bad3c948f4d605d)
Start importing Assets/_Core/Content using Guid(25dcaa237e27cc34497fcfbe5c10194d) Importer(2089858483,b0f066a214c2f5e87bad3c948f4d605d) (ScriptedImporter) -> (Import Result ID: '943596b9123df962ad44cc98976905ed') in 0.0046281 seconds [static and dynamic dependencies]. Details - ImportResultOutputID=ddfe7d53b9a27e76df36bb276e1208de DependenciesID=325a1e7f2509debc948c714592fa7543 StaticDependenciesID=7f6f2b056c38c667167c746c7772c7d2 
Number of updated asset objects reloaded before import = 0Number of asset objects unloaded after import = 1

========================================================================
Received Import Request.
  Time since last request: 0.000021 seconds.
  path: Assets/_Core/Framework/PlayerSystems/PlayerInteraction.cs
  importAddress: Guid(0129824d6e7dbfa40a3b12b80ce57635) Importer(2089858483,b0f066a214c2f5e87bad3c948f4d605d)
Start importing Assets/_Core/Framework/PlayerSystems/PlayerInteraction.cs using Guid(0129824d6e7dbfa40a3b12b80ce57635) Importer(2089858483,b0f066a214c2f5e87bad3c948f4d605d) (ScriptedImporter) -> (Import Result ID: '874a0872eca2ccc0784b8587240bffc8') in 0.0052093 seconds [static and dynamic dependencies]. Details - ImportResultOutputID=6a78e65c00f8e935951ee5844c4d619c DependenciesID=4795df1ee4539cfd577ee260c41871ca StaticDependenciesID=9045afeccc15561e07aa556454c8d68d 
Number of updated asset objects reloaded before import = 0Number of asset objects unloaded after import = 0

========================================================================
Received Import Request.
  Time since last request: 0.000016 seconds.
  path: Assets/_Core/Cloud/FirebaseSync/CloudGateway.cs
  importAddress: Guid(523e48a86e65f8c4abe80b488e71f102) Importer(2089858483,b0f066a214c2f5e87bad3c948f4d605d)
Start importing Assets/_Core/Cloud/FirebaseSync/CloudGateway.cs using Guid(523e48a86e65f8c4abe80b488e71f102) Importer(2089858483,b0f066a214c2f5e87bad3c948f4d605d) (ScriptedImporter) -> (Import Result ID: '9700c478f647e6b757548c2d75ea9d8f') in 0.0059172 seconds [static and dynamic dependencies]. Details - ImportResultOutputID=8e0e4a6912081acd40e21f2edd9d02bd DependenciesID=4e0f09b6e3aba1653e1fd8c857e830db StaticDependenciesID=238305a1cbf8202c9aa8dfcbe3cad553 
Number of updated asset objects reloaded before import = 0Number of asset objects unloaded after import = 0

========================================================================
Received Import Request.
  Time since last request: 0.000026 seconds.
  path: Assets/_Core/Content/Level02_IfElse/BlockSpawner_Double.cs
  importAddress: Guid(2e8870636f6fd5445a925c1b0364a5ba) Importer(2089858483,b0f066a214c2f5e87bad3c948f4d605d)
Start importing Assets/_Core/Content/Level02_IfElse/BlockSpawner_Double.cs using Guid(2e8870636f6fd5445a925c1b0364a5ba) Importer(2089858483,b0f066a214c2f5e87bad3c948f4d605d) (ScriptedImporter) -> (Import Result ID: 'f366bd41143981d8b940a663e69718c8') in 0.0049264 seconds [static and dynamic dependencies]. Details - ImportResultOutputID=b4eccdc91876e5df6532801f44d26aaf DependenciesID=26fb982a324ca8ce302def0ec6583305 StaticDependenciesID=ed2623e50e355794a899baea26a102f6 
Number of updated asset objects reloaded before import = 0Number of asset objects unloaded after import = 0

========================================================================
Received Import Request.
  Time since last request: 0.000035 seconds.
  path: Assets/_Core/Content/Level01_SimpleIF/BlockSpawner.cs
  importAddress: Guid(3980af9eab8e65f47bbec7517283876a) Importer(2089858483,b0f066a214c2f5e87bad3c948f4d605d)
Start importing Assets/_Core/Content/Level01_SimpleIF/BlockSpawner.cs using Guid(3980af9eab8e65f47bbec7517283876a) Importer(2089858483,b0f066a214c2f5e87bad3c948f4d605d) (ScriptedImporter) -> (Import Result ID: '6357e58a411fade140465030cb9bed4f') in 0.005717 seconds [static and dynamic dependencies]. Details - ImportResultOutputID=cd2394952592150a2ad3a8c94ddfa3d1 DependenciesID=9c37b1cb176ffd832fba3877d5fe60c6 StaticDependenciesID=1968bd40c3fd17a2291902f89da8e1c4 
Number of updated asset objects reloaded before import = 0Number of asset objects unloaded after import = 0

========================================================================
Received Import Request.
  Time since last request: 0.000018 seconds.
  path: Assets/Oculus/OculusProjectSetupSettings.asset
  importAddress: Guid(4e601c6e203da554b8ac2fac5eb28276) Importer(2089858483,b0f066a214c2f5e87bad3c948f4d605d)
Start importing Assets/Oculus/OculusProjectSetupSettings.asset using Guid(4e601c6e203da554b8ac2fac5eb28276) Importer(2089858483,b0f066a214c2f5e87bad3c948f4d605d) (ScriptedImporter) -> (Import Result ID: 'beaba01de44dea1479ad85448e2a6d9c') in 0.0106013 seconds [static and dynamic dependencies]. Details - ImportResultOutputID=e9190262857694077460aff308fb5f39 DependenciesID=e5edac932a3a4bd489aba7e3651dd70c StaticDependenciesID=1e13f6468e690446ac499be904778dee 
Number of updated asset objects reloaded before import = 0Number of asset objects unloaded after import = 1

========================================================================
Received Import Request.
  Time since last request: 0.000020 seconds.
  path: Assets/_Core/Shared/Audio_Library/Audio/music.mp3
  importAddress: Guid(53b2114ac5e5a8249bb880913b572dfb) Importer(2089858483,b0f066a214c2f5e87bad3c948f4d605d)
Start importing Assets/_Core/Shared/Audio_Library/Audio/music.mp3 using Guid(53b2114ac5e5a8249bb880913b572dfb) Importer(2089858483,b0f066a214c2f5e87bad3c948f4d605d) (ScriptedImporter) -> (Import Result ID: '686d32996b355e27e2b640fc7ab33a3d') in 0.0079896 seconds [static and dynamic dependencies]. Details - ImportResultOutputID=af7864d877b32fdc7a0a16b1f9b17031 DependenciesID=32cad557e5c8b9a7a76b80433c297049 StaticDependenciesID=a030488a69f48daecac32611e49c1706 
Number of updated asset objects reloaded before import = 0Number of asset objects unloaded after import = 1

========================================================================
Received Import Request.
  Time since last request: 0.000024 seconds.
  path: Assets/SciFi Warehouse Kit/Art/Materials/Light Fixture Mat.mat
  importAddress: Guid(bb2d88d2112f74d4b8dfef23a4b5d31d) Importer(2089858483,b0f066a214c2f5e87bad3c948f4d605d)
Start importing Assets/SciFi Warehouse Kit/Art/Materials/Light Fixture Mat.mat using Guid(bb2d88d2112f74d4b8dfef23a4b5d31d) Importer(2089858483,b0f066a214c2f5e87bad3c948f4d605d) (ScriptedImporter) -> (Import Result ID: '1df216c082459e5724d5d2e88b43e3f6') in 0.0547423 seconds [static and dynamic dependencies]. Details - ImportResultOutputID=42c0a84b3d16ea328cad927b033c6844 DependenciesID=09be9bf5be88e91588c88b82edebba6e StaticDependenciesID=1125768655660d0144f76d75929e4408 
Number of updated asset objects reloaded before import = 0Number of asset objects unloaded after import = 3

========================================================================
Received Import Request.
  Time since last request: 0.000039 seconds.
  path: Assets/_Core/Framework
  importAddress: Guid(763016c77f8e78f4a82d15473f011ccc) Importer(2089858483,b0f066a214c2f5e87bad3c948f4d605d)
Start importing Assets/_Core/Framework using Guid(763016c77f8e78f4a82d15473f011ccc) Importer(2089858483,b0f066a214c2f5e87bad3c948f4d605d) (ScriptedImporter) -> (Import Result ID: 'c6d9a366ee601808aef06f62029459a2') in 0.0065628 seconds [static and dynamic dependencies]. Details - ImportResultOutputID=8ace2100ef77d1394ae98cdb0a3181d0 DependenciesID=31ce41ae8d1c5b9ec128c006a65af654 StaticDependenciesID=5956d1d8d34f95fab3b98e9ddfec46d3 
Number of updated asset objects reloaded before import = 0Number of asset objects unloaded after import = 1

========================================================================
Received Import Request.
  Time since last request: 0.000022 seconds.
  path: Assets/_Core/Shared/Audio_Library
  importAddress: Guid(87fcdea2647cfc2418b0440c1cb73f54) Importer(2089858483,b0f066a214c2f5e87bad3c948f4d605d)
Start importing Assets/_Core/Shared/Audio_Library using Guid(87fcdea2647cfc2418b0440c1cb73f54) Importer(2089858483,b0f066a214c2f5e87bad3c948f4d605d) (ScriptedImporter) -> (Import Result ID: '9674d24ea349f5a8adb7bb003ff957e6') in 0.0052008 seconds [static and dynamic dependencies]. Details - ImportResultOutputID=88aa4fdcde68a957bd3739d7724fd4a4 DependenciesID=540e57ca2a1e37b3a3cdb5131b73494d StaticDependenciesID=1cfd0253a8e95906c17c11ba40074d03 
Number of updated asset objects reloaded before import = 0Number of asset objects unloaded after import = 1

========================================================================
Received Import Request.
  Time since last request: 0.000023 seconds.
  path: Assets/_Core/Framework/PlayerSystems
  importAddress: Guid(b8d486e57740ce6448a2912fb18d0c06) Importer(2089858483,b0f066a214c2f5e87bad3c948f4d605d)
Start importing Assets/_Core/Framework/PlayerSystems using Guid(b8d486e57740ce6448a2912fb18d0c06) Importer(2089858483,b0f066a214c2f5e87bad3c948f4d605d) (ScriptedImporter) -> (Import Result ID: '293d60f8d70f654193626a7c4b8e2736') in 0.0069024 seconds [static and dynamic dependencies]. Details - ImportResultOutputID=a12e638b24d4212302975bea73ddd2bb DependenciesID=8a2e504836fb05b0c5e5219c792e245d StaticDependenciesID=394701c2e0f8697c44d62016636fbcef 
Number of updated asset objects reloaded before import = 0Number of asset objects unloaded after import = 1

